Grade is out of 14 points. 
* 0-7 points:  Not complete
* 8-13 points: Partially complete
* 14 points:   Complete

Score: 7. Needs improvement. Not complete.

Each question with an incorrect answer is included with your solution and
a brief explanation of the problem with the submitted solution.

You may spend a token to resubmit your solutions if you wish to improve your
grade. You are invited to ask questions about your solution prior to submitting
a revision either via chat or in office hours. Resubmit by replying to this 
message with an improved solution for each problem that you wish to 
re-attempt.

"The five most recently modified files in the current directory."
$ ls -lt | head -5
* Only shows four files
"The five least recently modified files in the current directory."
$ ls -ltr | head -5
* Only shows four files
"All Python files in the current directory or any of its recursive subdirectories."
$ find . -name *.py -print
* Subtle error on recursive directories
"All Python files in the current directory that import the math module. Do not include the text from the file, only the filename."
$ find . -name *.py -print | grep "import math"
* Similar error as previous problem
"All currently executing Python programs."
$ top | *.py
* Can't pipe top
"All files in the current directory, sorted from the largest number of lines to the smallest. Include the number of lines in the output."
$ wc -l . | sort -n
* Can't wc a directory
"All files in the current directory, sorted from the smallest number of lines to the largest. Include the number of lines in the output."
$ wc -c . | sort -nr
* Can't wc a directory